#0 building with "default" instance using docker driver

#1 [internal] load build definition from Dockerfile
#1 transferring dockerfile: 4.60kB done
#1 DONE 0.0s

#2 [internal] load metadata for nvcr.io/nvidia/l4t-jetpack:r36.4.0
#2 DONE 0.0s

#3 [internal] load .dockerignore
#3 transferring context: 2B done
#3 DONE 0.0s

#4 [internal] load build context
#4 DONE 0.0s

#5 [auth] gold-rush-robotics/jetson-ros-base:pull token for ghcr.io
#5 DONE 0.0s

#6 [ 1/17] FROM nvcr.io/nvidia/l4t-jetpack:r36.4.0@sha256:34ccf0f3b63c6da9eee45f2e79de9bf7fdf3beda9abfd72bbf285ae9d40bb673
#6 resolve nvcr.io/nvidia/l4t-jetpack:r36.4.0@sha256:34ccf0f3b63c6da9eee45f2e79de9bf7fdf3beda9abfd72bbf285ae9d40bb673 0.0s done
#6 DONE 0.0s

#7 importing cache manifest from ghcr.io/gold-rush-robotics/jetson-ros-base:humble-36.4.7
#7 ERROR: failed to configure registry cache importer: ghcr.io/gold-rush-robotics/jetson-ros-base:humble-36.4.7: not found

#4 [internal] load build context
#4 transferring context: 46B done
#4 DONE 0.0s

#8 [ 4/17] RUN apt-get update && apt-get install --no-install-recommends -y     build-essential     git     python3-colcon-common-extensions     python3-colcon-mixin     python3-rosdep     python3-vcstool     curl     && rm -rf /var/lib/apt/lists/*
#8 CACHED

#9 [ 9/17] RUN /usr/bin/python3 -m pip install --no-cache-dir         opencv-python-headless &&     /usr/bin/python3 -m pip install --no-cache-dir --ignore-installed sympy &&     /usr/bin/python3 -m pip install --no-cache-dir         --index-url https://pypi.jetson-ai-lab.io/jp6/cu126         torch torchvision &&     /usr/bin/python3 -m pip install --no-cache-dir         ultralytics         transforms3d &&     /usr/bin/python3 -m pip install --no-cache-dir --force-reinstall         "numpy==1.26.4"
#9 CACHED

#10 [ 2/17] RUN apt-get update && apt-get install -y --no-install-recommends         ca-certificates         curl         gnupg2         lsb-release         locales         software-properties-common         python3-pip         python3-full     && locale-gen en_US en_US.UTF-8     && update-locale LC_ALL=en_US.UTF-8 LANG=en_US.UTF-8     && add-apt-repository universe -y     && curl -sSL https://raw.githubusercontent.com/ros/rosdistro/master/ros.key         -o /usr/share/keyrings/ros-archive-keyring.gpg     && echo "deb [arch=$(dpkg --print-architecture) signed-by=/usr/share/keyrings/ros-archive-keyring.gpg] http://packages.ros.org/ros2/ubuntu $(. /etc/os-release && echo $UBUNTU_CODENAME) main"         > /etc/apt/sources.list.d/ros2.list     && rm -rf /var/lib/apt/lists/*
#10 CACHED

#11 [15/17] WORKDIR /root/ros2_ws
#11 CACHED

#12 [ 8/17] WORKDIR /root/ros2_ws/src
#12 CACHED

#13 [14/17] RUN apt-get update && 	if [ -d src ]; then 		rosdep install --from-paths src --ignore-src -r -y --rosdistro humble; 	else 		rosdep install --from-paths . --ignore-src -r -y --rosdistro humble; 	fi && 	rm -rf /var/lib/apt/lists/*
#13 CACHED

#14 [16/17] COPY ros_entrypoint_jetson.sh /sbin/ros_entrypoint.sh
#14 CACHED

#15 [12/17] RUN git clone 		--branch isaac_sim_junk 		--single-branch 		--recurse-submodules 		https://github.com/Gold-Rush-Robotics/IGVC_robot_2026.git && 	git -C /opt/IGVC_robot_2026 submodule update --init --recursive
#15 CACHED

#16 [ 6/17] RUN colcon mixin add default       https://raw.githubusercontent.com/colcon/colcon-mixin-repository/master/index.yaml &&     colcon mixin update &&     colcon metadata add default       https://raw.githubusercontent.com/colcon/colcon-metadata-repository/master/index.yaml &&     colcon metadata update
#16 CACHED

#17 [11/17] WORKDIR /opt
#17 CACHED

#18 [ 7/17] RUN apt-get update && apt-get install -y --no-install-recommends     ros-humble-ros-base=0.10.0-1*     && rm -rf /var/lib/apt/lists/*
#18 CACHED

#19 [ 5/17] RUN rosdep init &&   rosdep update --rosdistro humble
#19 CACHED

#20 [13/17] WORKDIR /opt/IGVC_robot_2026
#20 CACHED

#21 [ 3/17] RUN apt-get update && apt-get install -y --no-install-recommends     ros-humble-ros-core     && rm -rf /var/lib/apt/lists/*
#21 CACHED

#22 [10/17] RUN apt-get update && apt-get install -y --no-install-recommends         libopenblas0         libopenblas-dev         libcap-dev         libompl-dev         python3-pyqt5     && curl -sSL -o /tmp/cuda-keyring.deb         https://developer.download.nvidia.com/compute/cuda/repos/ubuntu2204/arm64/cuda-keyring_1.1-1_all.deb &&     dpkg -i /tmp/cuda-keyring.deb &&     rm -f /tmp/cuda-keyring.deb &&     apt-get update && apt-get install -y --no-install-recommends         libcudss0-cuda-12     && rm -rf /var/lib/apt/lists/* &&     echo "/usr/lib/aarch64-linux-gnu/libcudss/12" > /etc/ld.so.conf.d/cudss.conf &&     ldconfig
#22 CACHED

#23 [17/17] RUN sudo chmod 755 /sbin/ros_entrypoint.sh
#23 CACHED

#24 exporting to image
#24 exporting layers 0.0s done
#24 exporting manifest sha256:eca00567fd1c10ce28fe2b4265a3e2642294595c84bb2f92e464e4268a0f3fbb done
#24 exporting config sha256:e2cd9674d2d725d9bbb1e7dab82ddfc9d9c426526eeca7d20ae71f2e62d8bbab done
#24 exporting attestation manifest sha256:ab8dfd26a5db0baf3f407c18fa3d24ce554bc1d81b948b87b652b949c7b4a5ca 0.0s done
#24 exporting manifest list sha256:d092ec808d5ef8c6bb5606f09627b1931a0cce071ed74b18526dfa0387261a6d done
#24 naming to ghcr.io/gold-rush-robotics/jetson-ros-base:humble-36.4.7 done
#24 unpacking to ghcr.io/gold-rush-robotics/jetson-ros-base:humble-36.4.7 0.1s done
#24 DONE 0.2s
------
 > importing cache manifest from ghcr.io/gold-rush-robotics/jetson-ros-base:humble-36.4.7:
------
EXIT=0
